[0m22:12:21.981961 [debug] [MainThread]: Sending event: {'category': 'dbt', 'action': 'invocation', 'label': 'start', 'context': [<snowplow_tracker.self_describing_json.SelfDescribingJson object at 0x000001B74049FF50>, <snowplow_tracker.self_describing_json.SelfDescribingJson object at 0x000001B74049EFF0>, <snowplow_tracker.self_describing_json.SelfDescribingJson object at 0x000001B74049E750>]}


============================== 22:12:22.013039 | 328b937a-729d-48d7-9386-0f4fd9bf0286 ==============================
[0m22:12:22.013039 [info ] [MainThread]: Running with dbt=1.12.0-b3
[0m22:12:22.013039 [debug] [MainThread]: running dbt with arguments {'version_check': 'True', 'no_print': 'None', 'static_parser': 'True', 'target_path': 'None', 'warn_error_options': 'WarnErrorOptionsV2(error=[], warn=[], silence=[])', 'maximum_seed_size_mib': '1', 'printer_width': '80', 'write_json': 'True', 'introspect': 'True', 'log_cache_events': 'False', 'empty': 'None', 'cache_selected_only': 'False', 'log_format': 'default', 'debug': 'False', 'fail_fast': 'False', 'profiles_dir': 'C:\\Users\\kalaw\\.dbt', 'send_anonymous_usage_stats': 'True', 'quiet': 'False', 'warn_error': 'None', 'partial_parse': 'True', 'invocation_command': 'dbt init transformation', 'indirect_selection': 'eager', 'use_colors': 'True', 'use_experimental_parser': 'False', 'log_path': 'logs'}
[0m22:12:22.931650 [info ] [MainThread]: Creating dbt configuration folder at C:\Users\kalaw\.dbt
[0m22:12:22.977754 [debug] [MainThread]: Starter project path: D:\Downloads\VS Code Projects\ph-fuel-efficiency-app\.venv\Lib\site-packages\dbt\include\starter_project
[0m22:12:23.539926 [info ] [MainThread]: Setting up your profile.
[0m22:16:37.864814 [error] [MainThread]: [[31mERROR[0m]: Encountered an error:

[0m22:16:38.182866 [error] [MainThread]: Traceback (most recent call last):
  File "D:\Downloads\VS Code Projects\ph-fuel-efficiency-app\.venv\Lib\site-packages\dbt\cli\requires.py", line 190, in wrapper
    result, success = func(*args, **kwargs)
                      ^^^^^^^^^^^^^^^^^^^^^
  File "D:\Downloads\VS Code Projects\ph-fuel-efficiency-app\.venv\Lib\site-packages\dbt\cli\requires.py", line 136, in wrapper
    return func(*args, **kwargs)
           ^^^^^^^^^^^^^^^^^^^^^
  File "D:\Downloads\VS Code Projects\ph-fuel-efficiency-app\.venv\Lib\site-packages\dbt\cli\main.py", line 503, in init
    results = task.run()
              ^^^^^^^^^^
  File "D:\Downloads\VS Code Projects\ph-fuel-efficiency-app\.venv\Lib\site-packages\dbt\task\init.py", line 360, in run
    self.setup_profile(profile_name)
  File "D:\Downloads\VS Code Projects\ph-fuel-efficiency-app\.venv\Lib\site-packages\dbt\task\init.py", line 264, in setup_profile
    self.create_profile_from_target(adapter, profile_name=profile_name)
  File "D:\Downloads\VS Code Projects\ph-fuel-efficiency-app\.venv\Lib\site-packages\dbt\task\init.py", line 181, in create_profile_from_target
    self.create_profile_from_profile_template(profile_template, profile_name)
  File "D:\Downloads\VS Code Projects\ph-fuel-efficiency-app\.venv\Lib\site-packages\dbt\task\init.py", line 165, in create_profile_from_profile_template
    target = self.generate_target_from_input(prompts, initial_target)
             ^^^^^^^^^^^^^^^^^^^^^^^^^^^^^^^^^^^^^^^^^^^^^^^^^^^^^^^^
  File "D:\Downloads\VS Code Projects\ph-fuel-efficiency-app\.venv\Lib\site-packages\dbt\task\init.py", line 131, in generate_target_from_input
    target[key] = click.prompt(
                  ^^^^^^^^^^^^^
  File "D:\Downloads\VS Code Projects\ph-fuel-efficiency-app\.venv\Lib\site-packages\click\termui.py", line 218, in prompt
    value = prompt_func(prompt)
            ^^^^^^^^^^^^^^^^^^^
  File "D:\Downloads\VS Code Projects\ph-fuel-efficiency-app\.venv\Lib\site-packages\click\termui.py", line 201, in prompt_func
    raise Abort() from None
click.exceptions.Abort

[0m22:16:38.221617 [debug] [MainThread]: Command `dbt init` failed at 22:16:38.216010 after 256.91 seconds
[0m22:16:38.241999 [debug] [MainThread]: Sending event: {'category': 'dbt', 'action': 'invocation', 'label': 'end', 'context': [<snowplow_tracker.self_describing_json.SelfDescribingJson object at 0x000001B740539340>, <snowplow_tracker.self_describing_json.SelfDescribingJson object at 0x000001B7427097F0>, <snowplow_tracker.self_describing_json.SelfDescribingJson object at 0x000001B74276CB00>]}
[0m22:16:38.265887 [debug] [MainThread]: Flushing usage events
[0m22:16:40.949544 [debug] [MainThread]: An error was encountered while trying to flush usage events
[0m22:17:23.700731 [debug] [MainThread]: Sending event: {'category': 'dbt', 'action': 'invocation', 'label': 'start', 'context': [<snowplow_tracker.self_describing_json.SelfDescribingJson object at 0x0000020A4F4BD340>, <snowplow_tracker.self_describing_json.SelfDescribingJson object at 0x0000020A52025760>, <snowplow_tracker.self_describing_json.SelfDescribingJson object at 0x0000020A51D43470>]}


============================== 22:17:23.747262 | e9bb7922-1884-4650-9a1d-c31d7c556393 ==============================
[0m22:17:23.747262 [info ] [MainThread]: Running with dbt=1.12.0-b3
[0m22:17:23.748984 [debug] [MainThread]: running dbt with arguments {'version_check': 'True', 'no_print': 'None', 'static_parser': 'True', 'target_path': 'None', 'warn_error_options': 'WarnErrorOptionsV2(error=[], warn=[], silence=[])', 'maximum_seed_size_mib': '1', 'printer_width': '80', 'write_json': 'True', 'introspect': 'True', 'log_cache_events': 'False', 'empty': 'None', 'cache_selected_only': 'False', 'log_format': 'default', 'debug': 'False', 'fail_fast': 'False', 'profiles_dir': 'C:\\Users\\kalaw\\.dbt', 'send_anonymous_usage_stats': 'True', 'quiet': 'False', 'warn_error': 'None', 'partial_parse': 'True', 'use_colors': 'True', 'invocation_command': 'dbt init transformation', 'indirect_selection': 'eager', 'use_experimental_parser': 'False', 'log_path': 'logs'}
[0m22:17:24.016827 [info ] [MainThread]: A project called transformation already exists here.
[0m22:17:24.016827 [debug] [MainThread]: Command `dbt init` succeeded at 22:17:24.016827 after 0.84 seconds
[0m22:17:24.016827 [debug] [MainThread]: Sending event: {'category': 'dbt', 'action': 'invocation', 'label': 'end', 'context': [<snowplow_tracker.self_describing_json.SelfDescribingJson object at 0x0000020A5231F3B0>, <snowplow_tracker.self_describing_json.SelfDescribingJson object at 0x0000020A5130FC20>, <snowplow_tracker.self_describing_json.SelfDescribingJson object at 0x0000020A523CE720>]}
[0m22:17:24.023931 [debug] [MainThread]: Flushing usage events
[0m22:17:28.697907 [debug] [MainThread]: An error was encountered while trying to flush usage events
[0m22:20:44.152094 [debug] [MainThread]: Sending event: {'category': 'dbt', 'action': 'invocation', 'label': 'start', 'context': [<snowplow_tracker.self_describing_json.SelfDescribingJson object at 0x000001E1B00FFCB0>, <snowplow_tracker.self_describing_json.SelfDescribingJson object at 0x000001E1B2970F20>, <snowplow_tracker.self_describing_json.SelfDescribingJson object at 0x000001E1B2971E80>]}


============================== 22:20:44.165400 | fa9d80cf-4c29-436f-aaf5-73e80673ca0a ==============================
[0m22:20:44.165400 [info ] [MainThread]: Running with dbt=1.12.0-b3
[0m22:20:44.165400 [debug] [MainThread]: running dbt with arguments {'static_parser': 'True', 'no_print': 'None', 'version_check': 'True', 'warn_error_options': 'WarnErrorOptionsV2(error=[], warn=[], silence=[])', 'target_path': 'None', 'maximum_seed_size_mib': '1', 'printer_width': '80', 'write_json': 'True', 'empty': 'None', 'log_cache_events': 'False', 'introspect': 'True', 'cache_selected_only': 'False', 'fail_fast': 'False', 'debug': 'False', 'log_format': 'default', 'profiles_dir': 'C:\\Users\\kalaw\\.dbt', 'send_anonymous_usage_stats': 'True', 'quiet': 'False', 'warn_error': 'None', 'partial_parse': 'True', 'invocation_command': 'dbt init transformation', 'use_colors': 'True', 'indirect_selection': 'eager', 'use_experimental_parser': 'False', 'log_path': 'logs'}
[0m22:20:44.324092 [debug] [MainThread]: Starter project path: D:\Downloads\VS Code Projects\ph-fuel-efficiency-app\.venv\Lib\site-packages\dbt\include\starter_project
[0m22:20:44.482154 [info ] [MainThread]: Setting up your profile.
[0m22:22:17.500046 [info ] [MainThread]: Profile transformation written to C:\Users\kalaw\.dbt\profiles.yml using target's profile_template.yml and your supplied values.
[0m22:22:17.840853 [info ] [MainThread]: Running dbt debug to validate the project...
[0m22:22:17.848092 [info ] [MainThread]: dbt version: 1.12.0-b3
[0m22:22:17.848611 [info ] [MainThread]: python version: 3.12.10
[0m22:22:17.849792 [info ] [MainThread]: python path: D:\Downloads\VS Code Projects\ph-fuel-efficiency-app\.venv\Scripts\python.exe
[0m22:22:17.850662 [info ] [MainThread]: os info: Windows-11-10.0.26200-SP0
[0m22:22:17.898507 [info ] [MainThread]: Using profiles dir at C:\Users\kalaw\.dbt
[0m22:22:17.898507 [info ] [MainThread]: Using profiles.yml file at C:\Users\kalaw\.dbt\profiles.yml
[0m22:22:17.899513 [info ] [MainThread]: Using dbt_project.yml file at D:\Downloads\VS Code Projects\ph-fuel-efficiency-app\transformation\dbt_project.yml
[0m22:22:17.903242 [info ] [MainThread]: adapter type: postgres
[0m22:22:17.903242 [info ] [MainThread]: adapter version: 1.10.2
[0m22:22:18.049915 [info ] [MainThread]: Configuration:
[0m22:22:18.056966 [info ] [MainThread]:   profiles.yml file [[32mOK found and valid[0m]
[0m22:22:18.056966 [info ] [MainThread]:   dbt_project.yml file [[32mOK found and valid[0m]
[0m22:22:18.057974 [info ] [MainThread]: Required dependencies:
[0m22:22:18.058491 [debug] [MainThread]: Executing "git --help"
[0m22:22:18.329875 [debug] [MainThread]: STDOUT: "b"usage: git [-v | --version] [-h | --help] [-C <path>] [-c <name>=<value>]\n           [--exec-path[=<path>]] [--html-path] [--man-path] [--info-path]\n           [-p | --paginate | -P | --no-pager] [--no-replace-objects] [--no-lazy-fetch]\n           [--no-optional-locks] [--no-advice] [--bare] [--git-dir=<path>]\n           [--work-tree=<path>] [--namespace=<name>] [--config-env=<name>=<envvar>]\n           <command> [<args>]\n\nThese are common Git commands used in various situations:\n\nstart a working area (see also: git help tutorial)\n   clone      Clone a repository into a new directory\n   init       Create an empty Git repository or reinitialize an existing one\n\nwork on the current change (see also: git help everyday)\n   add        Add file contents to the index\n   mv         Move or rename a file, a directory, or a symlink\n   restore    Restore working tree files\n   rm         Remove files from the working tree and from the index\n\nexamine the history and state (see also: git help revisions)\n   bisect     Use binary search to find the commit that introduced a bug\n   diff       Show changes between commits, commit and working tree, etc\n   grep       Print lines matching a pattern\n   log        Show commit logs\n   show       Show various types of objects\n   status     Show the working tree status\n\ngrow, mark and tweak your common history\n   backfill   Download missing objects in a partial clone\n   branch     List, create, or delete branches\n   commit     Record changes to the repository\n   history    EXPERIMENTAL: Rewrite history\n   merge      Join two or more development histories together\n   rebase     Reapply commits on top of another base tip\n   reset      Set `HEAD` or the index to a known state\n   switch     Switch branches\n   tag        Create, list, delete or verify tags\n\ncollaborate (see also: git help workflows)\n   fetch      Download objects and refs from another repository\n   pull       Fetch from and integrate with another repository or a local branch\n   push       Update remote refs along with associated objects\n\n'git help -a' and 'git help -g' list available subcommands and some\nconcept guides. See 'git help <command>' or 'git help <concept>'\nto read about a specific subcommand or concept.\nSee 'git help git' for an overview of the system.\n""
[0m22:22:18.329875 [debug] [MainThread]: STDERR: "b''"
[0m22:22:18.329875 [info ] [MainThread]:  - git [[32mOK found[0m]

[0m22:22:18.329875 [info ] [MainThread]: Connection:
[0m22:22:18.329875 [info ] [MainThread]:   host: litroph-data-warehouse.colwaceymp8h.us-east-1.rds.amazonaws.com
[0m22:22:18.332398 [info ] [MainThread]:   port: 5432
[0m22:22:18.332398 [info ] [MainThread]:   user: litroph_admin
[0m22:22:18.332398 [info ] [MainThread]:   database: litroph_db
[0m22:22:18.332398 [info ] [MainThread]:   schema: analytical_core
[0m22:22:18.332398 [info ] [MainThread]:   connect_timeout: 10
[0m22:22:18.332398 [info ] [MainThread]:   role: None
[0m22:22:18.332398 [info ] [MainThread]:   search_path: None
[0m22:22:18.335384 [info ] [MainThread]:   keepalives_idle: 0
[0m22:22:18.335384 [info ] [MainThread]:   sslmode: None
[0m22:22:18.335384 [info ] [MainThread]:   sslcert: None
[0m22:22:18.336763 [info ] [MainThread]:   sslkey: None
[0m22:22:18.336763 [info ] [MainThread]:   sslrootcert: None
[0m22:22:18.337775 [info ] [MainThread]:   application_name: dbt
[0m22:22:18.339100 [info ] [MainThread]:   retries: 1
[0m22:22:18.340158 [info ] [MainThread]: Registered adapter: postgres=1.10.2
[0m22:22:19.868746 [debug] [MainThread]: Acquiring new postgres connection 'debug'
[0m22:22:20.921656 [debug] [MainThread]: Using postgres connection "debug"
[0m22:22:20.921656 [debug] [MainThread]: On debug: select 1 as id
[0m22:22:20.921656 [debug] [MainThread]: Opening a new connection, currently in state init
[0m22:22:28.490116 [debug] [MainThread]: SQL status: SELECT 1 in 7.568 seconds
[0m22:22:28.493893 [debug] [MainThread]: On debug: Close
[0m22:22:28.493893 [info ] [MainThread]:   Connection test: [[32mOK connection ok[0m]

[0m22:22:28.495909 [info ] [MainThread]: [32mAll checks passed![0m
[0m22:22:28.497922 [info ] [MainThread]: Your new dbt project "transformation" was created!
Initialized new project in D:\Downloads\VS Code Projects\ph-fuel-efficiency-app\transformation\transformation

For more information on how to configure the profiles.yml file,
please consult the dbt documentation here:

  https://docs.getdbt.com/docs/configure-your-profile

One more thing:

Need help? Don't hesitate to reach out to us via GitHub issues or on Slack:

  https://community.getdbt.com/

Happy modeling!

[0m22:22:28.498453 [debug] [MainThread]: Command `dbt init` succeeded at 22:22:28.498453 after 104.66 seconds
[0m22:22:28.498453 [debug] [MainThread]: Connection 'debug' was properly closed.
[0m22:22:28.498453 [debug] [MainThread]: Sending event: {'category': 'dbt', 'action': 'invocation', 'label': 'end', 'context': [<snowplow_tracker.self_describing_json.SelfDescribingJson object at 0x000001E1B0673CE0>, <snowplow_tracker.self_describing_json.SelfDescribingJson object at 0x000001E1B0671F40>, <snowplow_tracker.self_describing_json.SelfDescribingJson object at 0x000001E1B4B6AC90>]}
[0m22:22:28.498453 [debug] [MainThread]: Flushing usage events
[0m22:22:30.103250 [debug] [MainThread]: An error was encountered while trying to flush usage events
